let p = Point(1, 2);
println(p);

class Point{
   let a, b;
   new(a, b){
      this.a = a;
      this.b = b;
   }
   override toString(){
      "${a},${b}";
   }
}

let fun = Point::new;
let res = fun(11,2);

println(res);
