var time = System.currentTimeMillis();
for(var i in 0..100000){
   println("${time}: ${i}");
   sleep(2000);
}
var time = System.currentTimeMillis();
for(var i in 0..100000){
   println("${time}: ${i}");
   sleep(2000);
}
