var start = new Date().getTime();
var count=0;
function fib(n) {
   count++;
   if (n<2) {
      return 1;
   }
   return fib(n-1) + fib(n-2);
}
var result = fib(30);
var stop =new Date().getTime();
var perf = count/(stop-start);
System.out.println("fib(30)="+result+" count="+count+" invoke/ms="+(perf));
print((stop -start));
