
import android.content.Context;
import android.graphics.Bitmap;
import android.graphics.BitmapFactory;

class Score {
   
   const resources = [ "/flappybird/resources/font_0.png", 
            "/flappybird/resources/font_1.png", 
            "/flappybird/resources/font_2.png", 
            "/flappybird/resources/font_3.png", 
            "/flappybird/resources/font_4.png", 
            "/flappybird/resources/font_5.png", 
            "/flappybird/resources/font_6.png", 
            "/flappybird/resources/font_7.png", 
            "/flappybird/resources/font_8.png", 
            "/flappybird/resources/font_9.png" ];

   const scoreBitmaps = [];
   const context;
   
   new(context){
      this.context = context;
   }
   
   get(value) {
      if(scoreBitmaps.isEmpty()) {
         for(var resource in resources) {
            var bitmap = ImageStore.loadImage(resource);
            scoreBitmaps.add(bitmap);
         }
      }
      return scoreBitmaps[value];
   }
   
   recycle(){
      for(var bitmap in scoreBitmaps){
         bitmap.recycle();
      }
   }
}
