
func swap<T: Number>(a: T, b: T): List<T> {
   return [b, a];
}

let l = swap<Float>(2, 3).get(0).doubleValue();
println(l);