import sound.sampled.AudioFormat;

import mario.core.sound.Sound;
import mario.core.sound.SoundManager;


class MarioSoundManager22050Hz extends SoundManager {
   
   private var bump: Sound;
   private var kick: Sound;
   private var coin: Sound;
   private var jump: Sound;
   private var pause: Sound;
   private var itemSprout: Sound;
   private var bonusPoints: Sound;
   private var healthUp: Sound;
   private var healthDown: Sound;

   public new(format: AudioFormat): super(format) {
       bump = getSound("/mario/resources/sounds/bump.wav");
       kick = getSound("/mario/resources/sounds/kick.wav");
       coin = getSound("/mario/resources/sounds/coin.wav");
       jump = getSound("/mario/resources/sounds/jump.wav");
       pause = getSound("/mario/resources/sounds/pause.wav");
       itemSprout = getSound("/mario/resources/sounds/item_sprout.wav");
       bonusPoints = getSound("/mario/resources/sounds/veggie_throw.wav");
       healthUp = getSound("/mario/resources/sounds/power_up.wav");
       healthDown = getSound("/mario/resources/sounds/power_down.wav");
   }
   
   public playHealthUp() {
      play(healthUp);
   }
   
   public playHealthDown() {
      play(healthDown);
   }
   
   public playBonusPoints() {
      play(bonusPoints);
   }
   
   public playItemSprout() {
      play(itemSprout);
   }
   
   public playCoin() {
      play(coin);
   }
   
   public playKick() {
      play(kick);
   }
   
   public playBump() {
      play(bump);
   }
   
   public playJump() {
      play(jump);
   }
   
   public playPause() {
      play(pause);
   }
}

