


class Foo{
   let x = 1;
   fun(){
      println(x);
   }
}

class Bar extends Foo{
   let y = 'aa';
   override fun(){
      super.fun();
   }
}

new Bar().fun();