File(`${System.getProperty('user.home')}/.bash_history`).forEachLine(l -> println(l));