import static lang.Integer.*; // this does not really work
import mario.core.GameFrame;
import mario.core.GamePanel;

function start(scale) {
   var g = new GameFrame(scale);
   
   try {
      g.start();
      sleep(MAX_VALUE);
   } catch(e) {
      e.printStackTrace();
   }
}

start(2);