import swing.JFrame;
import mario.core.GamePanel;

// This is the main entry point..

class GameFrame extends JFrame {
   
   private static const RESOLUTION_WIDTH: Integer = 420;
   private static const RESOLUTION_HEIGHT: Integer = 330;
   
   private const panel: GamePanel;
   private const width: Integer;
   private const height: Integer;
   
   public new(scale) {    
      this.panel = new GamePanel(RESOLUTION_WIDTH, RESOLUTION_HEIGHT, scale);
      this.width = RESOLUTION_WIDTH * scale;
      this.height = RESOLUTION_HEIGHT * scale;
   }
   
   public start(){
      setSize(width, height);
      setResizable(false);
      setTitle("Mario"); 
      add(panel);
      setDefaultCloseOperation(EXIT_ON_CLOSE);
      setVisible(true);
   }
}


