
import android.graphics.Bitmap;
import android.graphics.BitmapFactory;

module ImageStore {

   loadImage(resource) {
      var stream = this.getResource(resource);
      println("Loaded ${resource}");
      return BitmapFactory.decodeStream(stream);
   }
}