class A{
   const a=2;
}

class B{
   const b=3+new CB().cb;
}

class CB{
   static const DEFAULT =2;
   const cb=DEFAULT;
}

assert new A().a+new B().b==7;

println(new A().a+new B().b==7);
