module Constants{
   const x = 11;
   const y = 12;
}
