
for(var i in 0..10000){
   for(var j in 0 .. 10000){
      assert i+j >= 0;
   }
}
println("done");